// Jest Snapshot v1, https://goo.gl/fbAQLP

exports[`pages/profile/components/profilePicture Should match with snapshot 1`] = `
<DocumentFragment>
  <img
    alt="userImage"
    class="ui mini circular spaced image"
    src="image"
  />
</DocumentFragment>
`;
